#
# There is insufficient memory for the Java Runtime Environment to continue.
# Native memory allocation (mmap) failed to map 264241152 bytes. Error detail: G1 virtual space
# Possible reasons:
#   The system is out of physical RAM or swap space
#   This process is running with CompressedOops enabled, and the Java Heap may be blocking the growth of the native heap
# Possible solutions:
#   Reduce memory load on the system
#   Increase physical memory or swap space
#   Check if swap backing store is full
#   Decrease Java heap size (-Xmx/-Xms)
#   Decrease number of Java threads
#   Decrease Java thread stack sizes (-Xss)
#   Set larger code cache with -XX:ReservedCodeCacheSize=
#   JVM is running with Zero Based Compressed Oops mode in which the Java heap is
#     placed in the first 32GB address space. The Java Heap base address is the
#     maximum limit for the native heap growth. Please use -XX:HeapBaseMinAddress
#     to set the Java Heap base and to place the Java Heap above 32GB virtual address.
# This output file may be truncated or incomplete.
#
#  Out of Memory Error (os_windows.cpp:3618), pid=38660, tid=39904
#
# JRE version:  (17.0.17+10) (build )
# Java VM: OpenJDK 64-Bit Server VM (17.0.17+10, mixed mode, emulated-client, sharing, tiered, compressed oops, compressed class ptrs, g1 gc, windows-amd64)
# No core dump will be written. Minidumps are not enabled by default on client versions of Windows
#

---------------  S U M M A R Y ------------

Command Line: -XX:TieredStopAtLevel=1 -Dspring.output.ansi.enabled=always -javaagent:C:\Program Files\JetBrains\IntelliJ IDEA 2025.3.2\lib\idea_rt.jar=53008 -Dfile.encoding=UTF-8 tn.esprit.mentorservice.MentorServiceApplication

Host: 11th Gen Intel(R) Core(TM) i7-1165G7 @ 2.80GHz, 8 cores, 15G,  Windows 11 , 64 bit Build 26100 (10.0.26100.7920)
Time: Tue Apr  7 21:36:13 2026 Paris, Madrid (heure duild 26100 (10.0.26100.7920) elapsed time: 1.117106 seconds (0d 0h 0m 1s)

---------------  T H R E A D  ---------------

Current thread (0x00000194c48210c0):  JavaThread "Unknown thread" [_thread_in_vm, id=39904, stack(0x00000018a0500000,0x00000018a0600000)]

Stack: [0x00000018a0500000,0x00000018a0600000]
Native frames: (J=compiled Java code, j=interpreted, Vv=VM code, C=native code)
V  [jvm.dll+0x683fb9]
V  [jvm.dll+0x83a1b5]
V  [jvm.dll+0x83bc2e]
V  [jvm.dll+0x83c2b3]
V  [jvm.dll+0x248eff]
V  [jvm.dll+0x680d79]
V  [jvm.dll+0x675b7a]
V  [jvm.dll+0x3091a7]
V  [jvm.dll+0x310776]
V  [jvm.dll+0x360bbe]
V  [jvm.dll+0x360dfd]
V  [jvm.dll+0x2e022c]
V  [jvm.dll+0x2e1138]
V  [jvm.dll+0x80c6cb]
V  [jvm.dll+0x36e841]
V  [jvm.dll+0x7eb2a5]
V  [jvm.dll+0x3f444b]
V  [jvm.dll+0x3f5f31]
C  [jli.dll+0x52d0]
C  [ucrtbase.dll+0x37b0]
C  [KERNEL32.DLL+0x2e8d7]
C  [ntdll.dll+0x8c48c]


---------------  P R O C E S S  ---------------

Threads class SMR info:
_java_thread_list=0x00007ffb53087f58, length=0, elements={
}

Java Threads: ( => current thread )

Other Threads:
  0x00000194c488dc60 GCTaskThread "GC Thread#0" [stack: 0x00000018a0600000,0x00000018a0700000] [id=19024]
  0x00000194c489e780 ConcurrentGCThread "G1 Main Marker" [stack: 0x00000018a0700000,0x00000018a0800000] [id=21056]
  0x00000194c489f1a0 ConcurrentGCThread "G1 Conc#0" [stack: 0x00000018a0800000,0x00000018a0900000] [id=31504]

[error occurred during error reporting (printing all threads), id 0xc0000005, EXCEPTION_ACCESS_VIOLATION (0xc0000005) at pc=0x00007ffb52840d57]

VM state: not at safepoint (not fully initialized)

VM Mutex/Monitor currently owned by a thread:  ([mutex/lock_event])
[0x00000194c481b760] Heap_lock - owner thread: 0x00000194c48210c0

Heap address: 0x0000000704200000, size: 4030 MB, Compressed Oops mode: Zero based, Oop shift amount: 3

CDS archive(s) mapped at: [0x0000000000000000-0x0000000000000000-0x0000000000000000), size 0, SharedBaseAddress: 0x0000000800000000, ArchiveRelocationMode: 1.
Narrow klass base: 0x0000000000000000, Narrow klass shift: 0, Narrow klass range: 0x0

GC Precious Log:
<Empty>

Heap:
 garbage-first heap   total 0K, used 0K [0x0000000704200000, 0x0000000800000000)
  region size 2048K, 0 young (0K), 0 survivors (0K)

[error occurred during error reporting (printing heap information), id 0xc0000005, EXCEPTION_ACCESS_VIOLATION (0xc0000005) at pc=0x00007ffb52c2d5c9]

GC Heap History (0 events):
No events

Dll operation events (1 events):
Event: 0.040 Loaded shared library C:\Program Files\Eclipse Adoptium\jdk-17.0.17.10-hotspot\bin\java.dll

Deoptimization events (0 events):
No events

Classes loaded (0 events):
No events

Classes unloaded (0 events):
No events

Classes redefined (0 events):
No events

Internal exceptions (0 events):
No events

VM Operations (0 events):
No events

Memory protections (0 events):
No events

Nmethod flushes (0 events):
No events

Events (0 events):
No events


Dynamic libraries:
0x00007ff72d980000 - 0x00007ff72d98e000 	C:\Program Files\Eclipse Adoptium\jdk-17.0.17.10-hotspot\bin\java.exe
0x00007ffc18ae0000 - 0x00007ffc18d47000 	C:\WINDOWS\SYSTEM32\ntdll.dll
0x00007ffc16980000 - 0x00007ffc16a49000 	C:\WINDOWS\System32\KERNEL32.DLL
0x00007ffc162a0000 - 0x00007ffc16691000 	C:\WINDOWS\System32\KERNELBASE.dll
0x00007ffc166a0000 - 0x00007ffc167eb000 	C:\WINDOWS\System32\ucrtbase.dll
0x00007ffbb92a0000 - 0x00007ffbb92b8000 	C:\Program Files\Eclipse Adoptium\jdk-17.0.17.10-hotspot\bin\jli.dll
0x00007ffc17c30000 - 0x00007ffc17df5000 	C:\WINDOWS\System32\USER32.dll
0x00007ffc155e0000 - 0x00007ffc15607000 	C:\WINDOWS\System32\win32u.dll
0x00007ffc18190000 - 0x00007ffc181bb000 	C:\WINDOWS\System32\GDI32.dll
0x00007ffc156c0000 - 0x00007ffc157eb000 	C:\WINDOWS\System32\gdi32full.dll
0x00007ffc15610000 - 0x00007ffc156b3000 	C:\WINDOWS\System32\msvcp_win.dll
0x00007ffbb9280000 - 0x00007ffbb929e000 	C:\Program Files\Eclipse Adoptium\jdk-17.0.17.10-hotspot\bin\VCRUNTIME140.dll
0x00007ffbffa80000 - 0x00007ffbffd13000 	C:\WINDOWS\WinSxS\amd64_microsoft.windows.common-controls_6595b64144ccf1df_6.0.26100.8037_none_3e092faae333b53b\COMCTL32.dll
0x00007ffc188f0000 - 0x00007ffc18999000 	C:\WINDOWS\System32\msvcrt.dll
0x00007ffc16f30000 - 0x00007ffc16f61000 	C:\WINDOWS\System32\IMM32.DLL
0x00007ffbbdd20000 - 0x00007ffbbdd2c000 	C:\Program Files\Eclipse Adoptium\jdk-17.0.17.10-hotspot\bin\vcruntime140_1.dll
0x00007ffba5130000 - 0x00007ffba51bd000 	C:\Program Files\Eclipse Adoptium\jdk-17.0.17.10-hotspot\bin\msvcp140.dll
0x00007ffb52550000 - 0x00007ffb531bb000 	C:\Program Files\Eclipse Adoptium\jdk-17.0.17.10-hotspot\bin\server\jvm.dll
0x00007ffc17a10000 - 0x00007ffc17acb000 	C:\WINDOWS\System32\ADVAPI32.dll
0x00007ffc18610000 - 0x00007ffc186b7000 	C:\WINDOWS\System32\sechost.dll
0x00007ffc182b0000 - 0x00007ffc183c8000 	C:\WINDOWS\System32\RPCRT4.dll
0x00007ffc18780000 - 0x00007ffc187f4000 	C:\WINDOWS\System32\WS2_32.dll
0x00007ffc15240000 - 0x00007ffc1529e000 	C:\WINDOWS\SYSTEM32\POWRPROF.dll
0x00007ffc0b0e0000 - 0x00007ffc0b115000 	C:\WINDOWS\SYSTEM32\WINMM.dll
0x00007ffc0e820000 - 0x00007ffc0e82b000 	C:\WINDOWS\SYSTEM32\VERSION.dll
0x00007ffc15220000 - 0x00007ffc15234000 	C:\WINDOWS\SYSTEM32\UMPDC.dll
0x00007ffc14110000 - 0x00007ffc1412b000 	C:\WINDOWS\SYSTEM32\kernel.appcore.dll
0x00007ffbbccc0000 - 0x00007ffbbccca000 	C:\Program Files\Eclipse Adoptium\jdk-17.0.17.10-hotspot\bin\jimage.dll
0x00007ffc13000000 - 0x00007ffc13242000 	C:\WINDOWS\SYSTEM32\DBGHELP.DLL
0x00007ffc17e00000 - 0x00007ffc18182000 	C:\WINDOWS\System32\combase.dll
0x00007ffc18810000 - 0x00007ffc188e7000 	C:\WINDOWS\System32\OLEAUT32.dll
0x00007ffbf15e0000 - 0x00007ffbf161b000 	C:\WINDOWS\SYSTEM32\dbgcore.DLL
0x00007ffc15530000 - 0x00007ffc155d5000 	C:\WINDOWS\System32\bcryptPrimitives.dll
0x00007ffbbc7b0000 - 0x00007ffbbc7be000 	C:\Program Files\Eclipse Adoptium\jdk-17.0.17.10-hotspot\bin\instrument.dll
0x00007ffbb91d0000 - 0x00007ffbb91f5000 	C:\Program Files\Eclipse Adoptium\jdk-17.0.17.10-hotspot\bin\java.dll

dbghelp: loaded successfully - version: 4.0.5 - missing functions: none
symbol engine: initialized successfully - sym options: 0x614 - pdb path: .;C:\Program Files\Eclipse Adoptium\jdk-17.0.17.10-hotspot\bin;C:\WINDOWS\SYSTEM32;C:\WINDOWS\WinSxS\amd64_microsoft.windows.common-controls_6595b64144ccf1df_6.0.26100.8037_none_3e092faae333b53b;C:\Program Files\Eclipse Adoptium\jdk-17.0.17.10-hotspot\bin\server

VM Arguments:
jvm_args: -XX:TieredStopAtLevel=1 -Dspring.output.ansi.enabled=always -javaagent:C:\Program Files\JetBrains\IntelliJ IDEA 2025.3.2\lib\idea_rt.jar=53008 -Dfile.encoding=UTF-8 
java_command: tn.esprit.mentorservice.MentorServiceApplication
java_class_path (initial): C:\Users\dhafe\Desktop\forme-end\mentor-service\target\classes;C:\Users\dhafe\.m2\repository\org\springframework\boot\spring-boot-starter-web\3.2.5\spring-boot-starter-web-3.2.5.jar;C:\Users\dhafe\.m2\repository\org\springframework\boot\spring-boot-starter\3.2.5\spring-boot-starter-3.2.5.jar;C:\Users\dhafe\.m2\repository\org\springframework\boot\spring-boot\3.2.5\spring-boot-3.2.5.jar;C:\Users\dhafe\.m2\repository\org\springframework\boot\spring-boot-autoconfigure\3.2.5\spring-boot-autoconfigure-3.2.5.jar;C:\Users\dhafe\.m2\repository\org\springframework\boot\spring-boot-starter-logging\3.2.5\spring-boot-starter-logging-3.2.5.jar;C:\Users\dhafe\.m2\repository\ch\qos\logback\logback-classic\1.4.14\logback-classic-1.4.14.jar;C:\Users\dhafe\.m2\repository\ch\qos\logback\logback-core\1.4.14\logback-core-1.4.14.jar;C:\Users\dhafe\.m2\repository\org\apache\logging\log4j\log4j-to-slf4j\2.21.1\log4j-to-slf4j-2.21.1.jar;C:\Users\dhafe\.m2\repository\org\apache\logging\log4j\log4j-api\2.21.1\log4j-api-2.21.1.jar;C:\Users\dhafe\.m2\repository\org\slf4j\jul-to-slf4j\2.0.13\jul-to-slf4j-2.0.13.jar;C:\Users\dhafe\.m2\repository\jakarta\annotation\jakarta.annotation-api\2.1.1\jakarta.annotation-api-2.1.1.jar;C:\Users\dhafe\.m2\repository\org\yaml\snakeyaml\2.2\snakeyaml-2.2.jar;C:\Users\dhafe\.m2\repository\org\springframework\boot\spring-boot-starter-json\3.2.5\spring-boot-starter-json-3.2.5.jar;C:\Users\dhafe\.m2\repository\com\fasterxml\jackson\datatype\jackson-datatype-jdk8\2.15.4\jackson-datatype-jdk8-2.15.4.jar;C:\Users\dhafe\.m2\repository\com\fasterxml\jackson\datatype\jackson-datatype-jsr310\2.15.4\jackson-datatype-jsr310-2.15.4.jar;C:\Users\dhafe\.m2\repository\com\fasterxml\jackson\module\jackson-module-parameter-names\2.15.4\jackson-module-parameter-names-2.15.4.jar;C:\Users\dhafe\.m2\repository\org\springframework\boot\spring-boot-starter-tomcat\3.2.5\spring-boot-starter-tomcat-3.2.5.jar;C:\Users\dhafe\.m2\repository\org\apache\tomcat\embe
Launcher Type: SUN_STANDARD

[Global flags]
     intx CICompilerCount                          = 4                                         {product} {ergonomic}
     uint ConcGCThreads                            = 2                                         {product} {ergonomic}
     uint G1ConcRefinementThreads                  = 8                                         {product} {ergonomic}
   size_t G1HeapRegionSize                         = 2097152                                   {product} {ergonomic}
    uintx GCDrainStackTargetSize                   = 64                                        {product} {ergonomic}
   size_t InitialHeapSize                          = 264241152                                 {product} {ergonomic}
   size_t MarkStackSize                            = 4194304                                   {product} {ergonomic}
   size_t MaxHeapSize                              = 4225761280                                {product} {ergonomic}
   size_t MinHeapDeltaBytes                        = 2097152                                   {product} {ergonomic}
   size_t MinHeapSize                              = 8388608                                   {product} {ergonomic}
    uintx NonProfiledCodeHeapSize                  = 0                                      {pd product} {ergonomic}
     bool ProfileInterpreter                       = false                                  {pd product} {command line}
    uintx ProfiledCodeHeapSize                     = 0                                      {pd product} {ergonomic}
   size_t SoftMaxHeapSize                          = 4225761280                             {manageable} {ergonomic}
     intx TieredStopAtLevel                        = 1                                         {product} {command line}
     bool UseCompressedClassPointers               = true                           {product lp64_product} {ergonomic}
     bool UseCompressedOops                        = true                           {product lp64_product} {ergonomic}
     bool UseG1GC                                  = true                                      {product} {ergonomic}
     bool UseLargePagesIndividualAllocation        = false                                  {pd product} {ergonomic}

Logging:
Log output configuration:
 #0: stdout all=warning uptime,level,tags
 #1: stderr all=off uptime,level,tags

Environment Variables:
PATH=C:\Program Files (x86)\VMware\VMware Workstation\bin\;C:\Program Files\Eclipse Adoptium\jdk-17.0.17.10-hotspot\bin;C:\Python314\Scripts\;C:\Python314\;C:\WINDOWS\system32;C:\WINDOWS;C:\WINDOWS\System32\Wbem;C:\WINDOWS\System32\WindowsPowerShell\v1.0\;C:\WINDOWS\System32\OpenSSH\;C:\Program Files\NVIDIA Corporation\NVIDIA App\NvDLISR;C:\Program Files (x86)\NVIDIA Corporation\PhysX\Common;C:\Program Files\nodejs\;C:\ProgramData\chocolatey\bin;C:\Program Files\Git\cmd;C:\Program Files\dotnet\;C:\Users\dhafe\AppData\Local\Microsoft\WindowsApps;C:\Users\dhafe\AppData\Local\Programs\Microsoft VS Code\bin;C:\Users\dhafe\AppData\Roaming\npm;C:\Users\dhafe\AppData\Local\Programs\Antigravity\bin;C:\Users\dhafe\AppData\Local\Programs\cursor\resources\app\bin;C:\Users\dhafe\AppData\Local\Programs\Kiro\bin
USERNAME=dhafe
OS=Windows_NT
PROCESSOR_IDENTIFIER=Intel64 Family 6 Model 140 Stepping 1, GenuineIntel
TMP=C:\Users\dhafe\AppData\Local\Temp
TEMP=C:\Users\dhafe\AppData\Local\Temp



Periodic native trim disabled


---------------  S Y S T E M  ---------------

OS:
 Windows 11 , 64 bit Build 26100 (10.0.26100.7920)
OS uptime: 4 days 11:01 hours
Hyper-V role detected

CPU: total 8 (initial active 8) (4 cores per cpu, 2 threads per core) family 6 model 140 stepping 1 microcode 0xbe, cx8, cmov, fxsr, ht, mmx, 3dnowpref, sse, sse2, sse3, ssse3, sse4.1, sse4.2, popcnt, lzcnt, tsc, tscinvbit, avx, avx2, aes, erms, clmul, bmi1, bmi2, adx, avx512f, avx512dq, avx512cd, avx512bw, avx512vl, sha, fma, vzeroupper, avx512_vpopcntdq, avx512_vpclmulqdq, avx512_vaes, avx512_vnni, clflush, clflushopt, clwb, avx512_vbmi2, avx512_vbmi, hv
Processor Information for processor 0
  Max Mhz: 2803, Current Mhz: 1001, Mhz Limit: 2803
Processor Information for processor 1
  Max Mhz: 2803, Current Mhz: 2803, Mhz Limit: 2803
Processor Information for processor 2
  Max Mhz: 2803, Current Mhz: 2803, Mhz Limit: 2803
Processor Information for processor 3
  Max Mhz: 2803, Current Mhz: 1001, Mhz Limit: 2803
Processor Information for processor 4
  Max Mhz: 2803, Current Mhz: 2803, Mhz Limit: 2803
Processor Information for processor 5
  Max Mhz: 2803, Current Mhz: 1001, Mhz Limit: 2803
Processor Information for processor 6
  Max Mhz: 2803, Current Mhz: 1001, Mhz Limit: 2803
Processor Information for processor 7
  Max Mhz: 2803, Current Mhz: 1001, Mhz Limit: 2803

Memory: 4k page, system-wide physical 16118M (639M free)
TotalPageFile size 41545M (AvailPageFile size 99M)
current process WorkingSet (physical memory assigned to process): 12M, peak: 12M
current process commit charge ("private bytes"): 55M, peak: 307M

vm_info: OpenJDK 64-Bit Server VM (17.0.17+10) for windows-amd64 JRE (17.0.17+10), built on Oct 21 2025 23:25:32 by "admin" with unknown MS VC++:1942

END.
