[INFO] Scanning for projects...
[INFO] 
[INFO] -----< tn.esprit.partnerintelligence:partner-intelligence-service >-----
[INFO] Building partner-intelligence-service 0.0.1-SNAPSHOT
[INFO]   from pom.xml
[INFO] --------------------------------[ jar ]---------------------------------
[INFO] 
[INFO] >>> spring-boot:3.2.5:run (default-cli) > test-compile @ partner-intelligence-service >>>
[INFO] 
[INFO] --- resources:3.3.1:resources (default-resources) @ partner-intelligence-service ---
[INFO] Copying 2 resources from src/main/resources to target/classes
[INFO] Copying 3 resources from src/main/resources to target/classes
[INFO] 
[INFO] --- compiler:3.11.0:compile (default-compile) @ partner-intelligence-service ---
[INFO] Nothing to compile - all classes are up to date
[INFO] 
[INFO] --- resources:3.3.1:testResources (default-testResources) @ partner-intelligence-service ---
[INFO] skip non existing resourceDirectory /Users/mac/noor/back/business-domain/partner-intelligence-service/src/test/resources
[INFO] 
[INFO] --- compiler:3.11.0:testCompile (default-testCompile) @ partner-intelligence-service ---
[INFO] Nothing to compile - all classes are up to date
[INFO] 
[INFO] <<< spring-boot:3.2.5:run (default-cli) < test-compile @ partner-intelligence-service <<<
[INFO] 
[INFO] 
[INFO] --- spring-boot:3.2.5:run (default-cli) @ partner-intelligence-service ---
[INFO] Attaching agents: []

  .   ____          _            __ _ _
 /\\ / ___'_ __ _ _(_)_ __  __ _ \ \ \ \
( ( )\___ | '_ | '_| | '_ \/ _` | \ \ \ \
 \\/  ___)| |_)| | | | | || (_| |  ) ) ) )
  '  |____| .__|_| |_|_| |_\__, | / / / /
 =========|_|==============|___/=/_/_/_/
 :: Spring Boot ::                (v3.2.5)

2026-04-15T00:50:18.139+01:00  INFO 50463 --- [partner-intelligence-service] [           main] t.e.p.PartnerIntelligenceApplication     : Starting PartnerIntelligenceApplication using Java 25.0.1 with PID 50463 (/Users/mac/noor/back/business-domain/partner-intelligence-service/target/classes started by mac in /Users/mac/noor/back/business-domain/partner-intelligence-service)
2026-04-15T00:50:18.140+01:00  INFO 50463 --- [partner-intelligence-service] [           main] t.e.p.PartnerIntelligenceApplication     : No active profile set, falling back to 1 default profile: "default"
2026-04-15T00:50:18.504+01:00  INFO 50463 --- [partner-intelligence-service] [           main] .s.d.r.c.RepositoryConfigurationDelegate : Bootstrapping Spring Data JPA repositories in DEFAULT mode.
2026-04-15T00:50:18.558+01:00  INFO 50463 --- [partner-intelligence-service] [           main] .s.d.r.c.RepositoryConfigurationDelegate : Finished Spring Data repository scanning in 52 ms. Found 8 JPA repository interfaces.
2026-04-15T00:50:18.664+01:00  INFO 50463 --- [partner-intelligence-service] [           main] o.s.cloud.context.scope.GenericScope     : BeanFactory id=5c0d1e69-2722-305a-87e4-b71c80fee1a4
2026-04-15T00:50:18.782+01:00  WARN 50463 --- [partner-intelligence-service] [           main] trationDelegate$BeanPostProcessorChecker : Bean 'org.springframework.cloud.client.loadbalancer.LoadBalancerAutoConfiguration$DeferringLoadBalancerInterceptorConfig' of type [org.springframework.cloud.client.loadbalancer.LoadBalancerAutoConfiguration$DeferringLoadBalancerInterceptorConfig] is not eligible for getting processed by all BeanPostProcessors (for example: not eligible for auto-proxying). The currently created BeanPostProcessor [lbRestClientPostProcessor] is declared through a non-static factory method on that class; consider declaring it as static instead.
2026-04-15T00:50:18.784+01:00  WARN 50463 --- [partner-intelligence-service] [           main] trationDelegate$BeanPostProcessorChecker : Bean 'deferringLoadBalancerInterceptor' of type [org.springframework.cloud.client.loadbalancer.DeferringLoadBalancerInterceptor] is not eligible for getting processed by all BeanPostProcessors (for example: not eligible for auto-proxying). Is this bean getting eagerly injected into a currently created BeanPostProcessor [lbRestClientPostProcessor]? Check the corresponding BeanPostProcessor declaration and its dependencies.
WARNING: A restricted method in java.lang.System has been called
WARNING: java.lang.System::load has been called by org.apache.tomcat.jni.Library in an unnamed module (file:/Users/mac/.m2/repository/org/apache/tomcat/embed/tomcat-embed-core/10.1.20/tomcat-embed-core-10.1.20.jar)
WARNING: Use --enable-native-access=ALL-UNNAMED to avoid a warning for callers in this module
WARNING: Restricted methods will be blocked in a future release unless native access is enabled

2026-04-15T00:50:18.887+01:00  INFO 50463 --- [partner-intelligence-service] [           main] o.s.b.w.embedded.tomcat.TomcatWebServer  : Tomcat initialized with port 8093 (http)
2026-04-15T00:50:18.891+01:00  INFO 50463 --- [partner-intelligence-service] [           main] o.apache.catalina.core.StandardService   : Starting service [Tomcat]
2026-04-15T00:50:18.891+01:00  INFO 50463 --- [partner-intelligence-service] [           main] o.apache.catalina.core.StandardEngine    : Starting Servlet engine: [Apache Tomcat/10.1.20]
2026-04-15T00:50:18.916+01:00  INFO 50463 --- [partner-intelligence-service] [           main] o.a.c.c.C.[Tomcat].[localhost].[/]       : Initializing Spring embedded WebApplicationContext
2026-04-15T00:50:18.916+01:00  INFO 50463 --- [partner-intelligence-service] [           main] w.s.c.ServletWebServerApplicationContext : Root WebApplicationContext: initialization completed in 759 ms
2026-04-15T00:50:19.046+01:00  INFO 50463 --- [partner-intelligence-service] [           main] com.zaxxer.hikari.HikariDataSource       : HikariPool-1 - Starting...
2026-04-15T00:50:19.131+01:00  INFO 50463 --- [partner-intelligence-service] [           main] com.zaxxer.hikari.pool.HikariPool        : HikariPool-1 - Added connection com.mysql.cj.jdbc.ConnectionImpl@54b2d002
2026-04-15T00:50:19.137+01:00  INFO 50463 --- [partner-intelligence-service] [           main] com.zaxxer.hikari.HikariDataSource       : HikariPool-1 - Start completed.
2026-04-15T00:50:19.174+01:00  INFO 50463 --- [partner-intelligence-service] [           main] o.f.c.internal.license.VersionPrinter    : Flyway Community Edition 9.22.3 by Redgate
2026-04-15T00:50:19.174+01:00  INFO 50463 --- [partner-intelligence-service] [           main] o.f.c.internal.license.VersionPrinter    : See release notes here: https://rd.gt/416ObMi
2026-04-15T00:50:19.174+01:00  INFO 50463 --- [partner-intelligence-service] [           main] o.f.c.internal.license.VersionPrinter    : 
2026-04-15T00:50:19.183+01:00  INFO 50463 --- [partner-intelligence-service] [           main] org.flywaydb.core.FlywayExecutor         : Database: jdbc:mysql://localhost:3306/forme (MySQL 8.0)
2026-04-15T00:50:19.204+01:00  INFO 50463 --- [partner-intelligence-service] [           main] o.f.core.internal.command.DbValidate     : Successfully validated 4 migrations (execution time 00:00.011s)
2026-04-15T00:50:19.216+01:00  INFO 50463 --- [partner-intelligence-service] [           main] o.f.core.internal.command.DbMigrate      : Current version of schema `forme`: 3
2026-04-15T00:50:19.217+01:00  INFO 50463 --- [partner-intelligence-service] [           main] o.f.core.internal.command.DbMigrate      : Schema `forme` is up to date. No migration necessary.
2026-04-15T00:50:19.253+01:00  INFO 50463 --- [partner-intelligence-service] [           main] o.hibernate.jpa.internal.util.LogHelper  : HHH000204: Processing PersistenceUnitInfo [name: default]
2026-04-15T00:50:19.269+01:00  INFO 50463 --- [partner-intelligence-service] [           main] org.hibernate.Version                    : HHH000412: Hibernate ORM core version 6.4.4.Final
2026-04-15T00:50:19.278+01:00  INFO 50463 --- [partner-intelligence-service] [           main] o.h.c.internal.RegionFactoryInitiator    : HHH000026: Second-level cache disabled
2026-04-15T00:50:19.342+01:00  INFO 50463 --- [partner-intelligence-service] [           main] o.s.o.j.p.SpringPersistenceUnitInfo      : No LoadTimeWeaver setup: ignoring JPA class transformer
2026-04-15T00:50:19.663+01:00  INFO 50463 --- [partner-intelligence-service] [           main] o.h.e.t.j.p.i.JtaPlatformInitiator       : HHH000489: No JTA platform available (set 'hibernate.transaction.jta.platform' to enable JTA platform integration)
2026-04-15T00:50:19.685+01:00  INFO 50463 --- [partner-intelligence-service] [           main] j.LocalContainerEntityManagerFactoryBean : Initialized JPA EntityManagerFactory for persistence unit 'default'
2026-04-15T00:50:19.913+01:00  WARN 50463 --- [partner-intelligence-service] [           main] JpaBaseConfiguration$JpaWebConfiguration : spring.jpa.open-in-view is enabled by default. Therefore, database queries may be performed during view rendering. Explicitly configure spring.jpa.open-in-view to disable this warning
2026-04-15T00:50:19.943+01:00  WARN 50463 --- [partner-intelligence-service] [           main] .s.s.UserDetailsServiceAutoConfiguration : 

Using generated security password: b582ec16-40eb-4e73-a49e-f74f7729ebc1

This generated password is for development use only. Your security configuration must be updated before running your application in production.

2026-04-15T00:50:20.174+01:00  INFO 50463 --- [partner-intelligence-service] [           main] o.s.b.a.e.web.EndpointLinksResolver      : Exposing 4 endpoint(s) beneath base path '/actuator'
2026-04-15T00:50:20.187+01:00  INFO 50463 --- [partner-intelligence-service] [           main] o.s.s.web.DefaultSecurityFilterChain     : Will secure any request with [org.springframework.security.web.session.DisableEncodeUrlFilter@52418721, org.springframework.security.web.context.request.async.WebAsyncManagerIntegrationFilter@6ff879e5, org.springframework.security.web.context.SecurityContextHolderFilter@1af6cd73, org.springframework.security.web.header.HeaderWriterFilter@27df971b, org.springframework.web.filter.CorsFilter@7080e8fc, org.springframework.security.web.authentication.logout.LogoutFilter@31efe094, org.springframework.security.web.savedrequest.RequestCacheAwareFilter@581661d6, org.springframework.security.web.servletapi.SecurityContextHolderAwareRequestFilter@6259f18e, org.springframework.security.web.authentication.AnonymousAuthenticationFilter@7b9e4a2a, org.springframework.security.web.access.ExceptionTranslationFilter@472073bb, org.springframework.security.web.access.intercept.AuthorizationFilter@75f5293c]
2026-04-15T00:50:20.486+01:00  INFO 50463 --- [partner-intelligence-service] [           main] DiscoveryClientOptionalArgsConfiguration : Eureka HTTP Client uses RestTemplate.
2026-04-15T00:50:20.514+01:00  WARN 50463 --- [partner-intelligence-service] [           main] iguration$LoadBalancerCaffeineWarnLogger : Spring Cloud LoadBalancer is currently working with the default cache. While this cache implementation is useful for development and tests, it's recommended to use Caffeine cache in production.You can switch to using Caffeine cache, by adding it and org.springframework.cache.caffeine.CaffeineCacheManager to the classpath.
2026-04-15T00:50:20.538+01:00  INFO 50463 --- [partner-intelligence-service] [           main] o.s.c.n.eureka.InstanceInfoFactory       : Setting initial instance status as: STARTING
2026-04-15T00:50:20.577+01:00  INFO 50463 --- [partner-intelligence-service] [           main] com.netflix.discovery.DiscoveryClient    : Initializing Eureka in region us-east-1
2026-04-15T00:50:20.579+01:00  INFO 50463 --- [partner-intelligence-service] [           main] c.n.d.s.r.aws.ConfigClusterResolver      : Resolving eureka endpoints via configuration
2026-04-15T00:50:20.587+01:00  INFO 50463 --- [partner-intelligence-service] [           main] com.netflix.discovery.DiscoveryClient    : Disable delta property : false
2026-04-15T00:50:20.587+01:00  INFO 50463 --- [partner-intelligence-service] [           main] com.netflix.discovery.DiscoveryClient    : Single vip registry refresh property : null
2026-04-15T00:50:20.587+01:00  INFO 50463 --- [partner-intelligence-service] [           main] com.netflix.discovery.DiscoveryClient    : Force full registry fetch : false
2026-04-15T00:50:20.587+01:00  INFO 50463 --- [partner-intelligence-service] [           main] com.netflix.discovery.DiscoveryClient    : Application is null : false
2026-04-15T00:50:20.587+01:00  INFO 50463 --- [partner-intelligence-service] [           main] com.netflix.discovery.DiscoveryClient    : Registered Applications size is zero : true
2026-04-15T00:50:20.587+01:00  INFO 50463 --- [partner-intelligence-service] [           main] com.netflix.discovery.DiscoveryClient    : Application version is -1: true
2026-04-15T00:50:20.587+01:00  INFO 50463 --- [partner-intelligence-service] [           main] com.netflix.discovery.DiscoveryClient    : Getting all instance registry info from the eureka server
2026-04-15T00:50:20.687+01:00  INFO 50463 --- [partner-intelligence-service] [           main] com.netflix.discovery.DiscoveryClient    : The response status is 200
2026-04-15T00:50:20.688+01:00  INFO 50463 --- [partner-intelligence-service] [           main] com.netflix.discovery.DiscoveryClient    : Starting heartbeat executor: renew interval is: 30
2026-04-15T00:50:20.689+01:00  INFO 50463 --- [partner-intelligence-service] [           main] c.n.discovery.InstanceInfoReplicator     : InstanceInfoReplicator onDemand update allowed rate per min is 4
2026-04-15T00:50:20.691+01:00  INFO 50463 --- [partner-intelligence-service] [           main] com.netflix.discovery.DiscoveryClient    : Discovery Client initialized at timestamp 1776210620690 with initial instances count: 10
2026-04-15T00:50:20.696+01:00  INFO 50463 --- [partner-intelligence-service] [           main] o.s.c.n.e.s.EurekaServiceRegistry        : Registering application PARTNER-INTELLIGENCE-SERVICE with eureka with status UP
2026-04-15T00:50:20.696+01:00  INFO 50463 --- [partner-intelligence-service] [           main] com.netflix.discovery.DiscoveryClient    : Saw local status change event StatusChangeEvent [timestamp=1776210620696, current=UP, previous=STARTING]
2026-04-15T00:50:20.696+01:00  INFO 50463 --- [partner-intelligence-service] [nfoReplicator-0] com.netflix.discovery.DiscoveryClient    : DiscoveryClient_PARTNER-INTELLIGENCE-SERVICE/10.89.91.59:partner-intelligence-service:8093: registering service...
2026-04-15T00:50:20.701+01:00  INFO 50463 --- [partner-intelligence-service] [           main] o.s.b.w.embedded.tomcat.TomcatWebServer  : Tomcat started on port 8093 (http) with context path ''
2026-04-15T00:50:20.701+01:00  INFO 50463 --- [partner-intelligence-service] [           main] .s.c.n.e.s.EurekaAutoServiceRegistration : Updating port to 8093
2026-04-15T00:50:20.707+01:00  INFO 50463 --- [partner-intelligence-service] [nfoReplicator-0] com.netflix.discovery.DiscoveryClient    : DiscoveryClient_PARTNER-INTELLIGENCE-SERVICE/10.89.91.59:partner-intelligence-service:8093 - registration status: 204
2026-04-15T00:50:20.711+01:00  INFO 50463 --- [partner-intelligence-service] [           main] t.e.p.PartnerIntelligenceApplication     : Started PartnerIntelligenceApplication in 2.722 seconds (process running for 2.835)
2026-04-15T00:52:33.098+01:00  INFO 50463 --- [partner-intelligence-service] [nio-8093-exec-1] o.a.c.c.C.[Tomcat].[localhost].[/]       : Initializing Spring DispatcherServlet 'dispatcherServlet'
2026-04-15T00:52:33.098+01:00  INFO 50463 --- [partner-intelligence-service] [nio-8093-exec-1] o.s.web.servlet.DispatcherServlet        : Initializing Servlet 'dispatcherServlet'
2026-04-15T00:52:33.099+01:00  INFO 50463 --- [partner-intelligence-service] [nio-8093-exec-1] o.s.web.servlet.DispatcherServlet        : Completed initialization in 1 ms
2026-04-15T00:55:20.591+01:00  INFO 50463 --- [partner-intelligence-service] [trap-executor-0] c.n.d.s.r.aws.ConfigClusterResolver      : Resolving eureka endpoints via configuration
2026-04-15T01:00:20.590+01:00  INFO 50463 --- [partner-intelligence-service] [trap-executor-0] c.n.d.s.r.aws.ConfigClusterResolver      : Resolving eureka endpoints via configuration
2026-04-15T01:05:20.593+01:00  INFO 50463 --- [partner-intelligence-service] [trap-executor-0] c.n.d.s.r.aws.ConfigClusterResolver      : Resolving eureka endpoints via configuration
2026-04-15T01:10:20.595+01:00  INFO 50463 --- [partner-intelligence-service] [trap-executor-0] c.n.d.s.r.aws.ConfigClusterResolver      : Resolving eureka endpoints via configuration
2026-04-15T01:15:20.600+01:00  INFO 50463 --- [partner-intelligence-service] [trap-executor-0] c.n.d.s.r.aws.ConfigClusterResolver      : Resolving eureka endpoints via configuration
2026-04-15T01:20:20.605+01:00  INFO 50463 --- [partner-intelligence-service] [trap-executor-0] c.n.d.s.r.aws.ConfigClusterResolver      : Resolving eureka endpoints via configuration
2026-04-15T01:25:20.611+01:00  INFO 50463 --- [partner-intelligence-service] [trap-executor-0] c.n.d.s.r.aws.ConfigClusterResolver      : Resolving eureka endpoints via configuration
2026-04-15T01:30:20.618+01:00  INFO 50463 --- [partner-intelligence-service] [trap-executor-0] c.n.d.s.r.aws.ConfigClusterResolver      : Resolving eureka endpoints via configuration
2026-04-15T01:35:20.617+01:00  INFO 50463 --- [partner-intelligence-service] [trap-executor-0] c.n.d.s.r.aws.ConfigClusterResolver      : Resolving eureka endpoints via configuration
2026-04-15T01:40:20.618+01:00  INFO 50463 --- [partner-intelligence-service] [trap-executor-0] c.n.d.s.r.aws.ConfigClusterResolver      : Resolving eureka endpoints via configuration
2026-04-15T01:45:20.620+01:00  INFO 50463 --- [partner-intelligence-service] [trap-executor-0] c.n.d.s.r.aws.ConfigClusterResolver      : Resolving eureka endpoints via configuration
2026-04-15T01:50:20.629+01:00  INFO 50463 --- [partner-intelligence-service] [trap-executor-0] c.n.d.s.r.aws.ConfigClusterResolver      : Resolving eureka endpoints via configuration
2026-04-15T01:55:20.627+01:00  INFO 50463 --- [partner-intelligence-service] [trap-executor-0] c.n.d.s.r.aws.ConfigClusterResolver      : Resolving eureka endpoints via configuration
2026-04-15T02:00:20.634+01:00  INFO 50463 --- [partner-intelligence-service] [trap-executor-0] c.n.d.s.r.aws.ConfigClusterResolver      : Resolving eureka endpoints via configuration
2026-04-15T02:05:20.634+01:00  INFO 50463 --- [partner-intelligence-service] [trap-executor-0] c.n.d.s.r.aws.ConfigClusterResolver      : Resolving eureka endpoints via configuration
2026-04-15T02:10:20.641+01:00  INFO 50463 --- [partner-intelligence-service] [trap-executor-0] c.n.d.s.r.aws.ConfigClusterResolver      : Resolving eureka endpoints via configuration
2026-04-15T02:15:20.649+01:00  INFO 50463 --- [partner-intelligence-service] [trap-executor-0] c.n.d.s.r.aws.ConfigClusterResolver      : Resolving eureka endpoints via configuration
2026-04-15T02:20:20.652+01:00  INFO 50463 --- [partner-intelligence-service] [trap-executor-0] c.n.d.s.r.aws.ConfigClusterResolver      : Resolving eureka endpoints via configuration
2026-04-15T02:25:20.655+01:00  INFO 50463 --- [partner-intelligence-service] [trap-executor-0] c.n.d.s.r.aws.ConfigClusterResolver      : Resolving eureka endpoints via configuration
2026-04-15T02:30:20.661+01:00  INFO 50463 --- [partner-intelligence-service] [trap-executor-0] c.n.d.s.r.aws.ConfigClusterResolver      : Resolving eureka endpoints via configuration
2026-04-15T02:35:20.669+01:00  INFO 50463 --- [partner-intelligence-service] [trap-executor-0] c.n.d.s.r.aws.ConfigClusterResolver      : Resolving eureka endpoints via configuration
2026-04-15T02:40:20.672+01:00  INFO 50463 --- [partner-intelligence-service] [trap-executor-0] c.n.d.s.r.aws.ConfigClusterResolver      : Resolving eureka endpoints via configuration
2026-04-15T02:45:20.679+01:00  INFO 50463 --- [partner-intelligence-service] [trap-executor-0] c.n.d.s.r.aws.ConfigClusterResolver      : Resolving eureka endpoints via configuration
2026-04-15T02:50:20.687+01:00  INFO 50463 --- [partner-intelligence-service] [trap-executor-0] c.n.d.s.r.aws.ConfigClusterResolver      : Resolving eureka endpoints via configuration
2026-04-15T02:55:20.686+01:00  INFO 50463 --- [partner-intelligence-service] [trap-executor-0] c.n.d.s.r.aws.ConfigClusterResolver      : Resolving eureka endpoints via configuration
2026-04-15T03:00:20.691+01:00  INFO 50463 --- [partner-intelligence-service] [trap-executor-0] c.n.d.s.r.aws.ConfigClusterResolver      : Resolving eureka endpoints via configuration
2026-04-15T03:05:20.695+01:00  INFO 50463 --- [partner-intelligence-service] [trap-executor-0] c.n.d.s.r.aws.ConfigClusterResolver      : Resolving eureka endpoints via configuration
2026-04-15T03:10:20.700+01:00  INFO 50463 --- [partner-intelligence-service] [trap-executor-0] c.n.d.s.r.aws.ConfigClusterResolver      : Resolving eureka endpoints via configuration
2026-04-15T03:15:20.708+01:00  INFO 50463 --- [partner-intelligence-service] [trap-executor-0] c.n.d.s.r.aws.ConfigClusterResolver      : Resolving eureka endpoints via configuration
2026-04-15T03:20:20.710+01:00  INFO 50463 --- [partner-intelligence-service] [trap-executor-0] c.n.d.s.r.aws.ConfigClusterResolver      : Resolving eureka endpoints via configuration
2026-04-15T03:25:20.709+01:00  INFO 50463 --- [partner-intelligence-service] [trap-executor-0] c.n.d.s.r.aws.ConfigClusterResolver      : Resolving eureka endpoints via configuration
2026-04-15T03:30:20.712+01:00  INFO 50463 --- [partner-intelligence-service] [trap-executor-0] c.n.d.s.r.aws.ConfigClusterResolver      : Resolving eureka endpoints via configuration
2026-04-15T03:35:20.712+01:00  INFO 50463 --- [partner-intelligence-service] [trap-executor-0] c.n.d.s.r.aws.ConfigClusterResolver      : Resolving eureka endpoints via configuration
2026-04-15T03:40:20.716+01:00  INFO 50463 --- [partner-intelligence-service] [trap-executor-0] c.n.d.s.r.aws.ConfigClusterResolver      : Resolving eureka endpoints via configuration
2026-04-15T03:45:20.723+01:00  INFO 50463 --- [partner-intelligence-service] [trap-executor-0] c.n.d.s.r.aws.ConfigClusterResolver      : Resolving eureka endpoints via configuration
2026-04-15T03:50:20.721+01:00  INFO 50463 --- [partner-intelligence-service] [trap-executor-0] c.n.d.s.r.aws.ConfigClusterResolver      : Resolving eureka endpoints via configuration
2026-04-15T03:55:20.728+01:00  INFO 50463 --- [partner-intelligence-service] [trap-executor-0] c.n.d.s.r.aws.ConfigClusterResolver      : Resolving eureka endpoints via configuration
2026-04-15T04:00:20.734+01:00  INFO 50463 --- [partner-intelligence-service] [trap-executor-0] c.n.d.s.r.aws.ConfigClusterResolver      : Resolving eureka endpoints via configuration
2026-04-15T04:05:20.740+01:00  INFO 50463 --- [partner-intelligence-service] [trap-executor-0] c.n.d.s.r.aws.ConfigClusterResolver      : Resolving eureka endpoints via configuration
2026-04-15T04:10:20.748+01:00  INFO 50463 --- [partner-intelligence-service] [trap-executor-0] c.n.d.s.r.aws.ConfigClusterResolver      : Resolving eureka endpoints via configuration
2026-04-15T04:15:20.756+01:00  INFO 50463 --- [partner-intelligence-service] [trap-executor-0] c.n.d.s.r.aws.ConfigClusterResolver      : Resolving eureka endpoints via configuration
2026-04-15T04:20:20.757+01:00  INFO 50463 --- [partner-intelligence-service] [trap-executor-0] c.n.d.s.r.aws.ConfigClusterResolver      : Resolving eureka endpoints via configuration
2026-04-15T04:25:20.762+01:00  INFO 50463 --- [partner-intelligence-service] [trap-executor-0] c.n.d.s.r.aws.ConfigClusterResolver      : Resolving eureka endpoints via configuration
2026-04-15T04:30:20.768+01:00  INFO 50463 --- [partner-intelligence-service] [trap-executor-0] c.n.d.s.r.aws.ConfigClusterResolver      : Resolving eureka endpoints via configuration
2026-04-15T04:35:20.769+01:00  INFO 50463 --- [partner-intelligence-service] [trap-executor-0] c.n.d.s.r.aws.ConfigClusterResolver      : Resolving eureka endpoints via configuration
2026-04-15T04:40:20.769+01:00  INFO 50463 --- [partner-intelligence-service] [trap-executor-0] c.n.d.s.r.aws.ConfigClusterResolver      : Resolving eureka endpoints via configuration
2026-04-15T04:45:20.776+01:00  INFO 50463 --- [partner-intelligence-service] [trap-executor-0] c.n.d.s.r.aws.ConfigClusterResolver      : Resolving eureka endpoints via configuration
2026-04-15T04:50:20.782+01:00  INFO 50463 --- [partner-intelligence-service] [trap-executor-0] c.n.d.s.r.aws.ConfigClusterResolver      : Resolving eureka endpoints via configuration
2026-04-15T04:55:20.787+01:00  INFO 50463 --- [partner-intelligence-service] [trap-executor-0] c.n.d.s.r.aws.ConfigClusterResolver      : Resolving eureka endpoints via configuration
2026-04-15T05:00:20.792+01:00  INFO 50463 --- [partner-intelligence-service] [trap-executor-0] c.n.d.s.r.aws.ConfigClusterResolver      : Resolving eureka endpoints via configuration
2026-04-15T05:05:20.798+01:00  INFO 50463 --- [partner-intelligence-service] [trap-executor-0] c.n.d.s.r.aws.ConfigClusterResolver      : Resolving eureka endpoints via configuration
2026-04-15T05:10:20.797+01:00  INFO 50463 --- [partner-intelligence-service] [trap-executor-0] c.n.d.s.r.aws.ConfigClusterResolver      : Resolving eureka endpoints via configuration
2026-04-15T05:15:20.804+01:00  INFO 50463 --- [partner-intelligence-service] [trap-executor-0] c.n.d.s.r.aws.ConfigClusterResolver      : Resolving eureka endpoints via configuration
2026-04-15T05:20:20.810+01:00  INFO 50463 --- [partner-intelligence-service] [trap-executor-0] c.n.d.s.r.aws.ConfigClusterResolver      : Resolving eureka endpoints via configuration
2026-04-15T05:25:20.817+01:00  INFO 50463 --- [partner-intelligence-service] [trap-executor-0] c.n.d.s.r.aws.ConfigClusterResolver      : Resolving eureka endpoints via configuration
2026-04-15T05:30:20.820+01:00  INFO 50463 --- [partner-intelligence-service] [trap-executor-0] c.n.d.s.r.aws.ConfigClusterResolver      : Resolving eureka endpoints via configuration
2026-04-15T05:35:20.826+01:00  INFO 50463 --- [partner-intelligence-service] [trap-executor-0] c.n.d.s.r.aws.ConfigClusterResolver      : Resolving eureka endpoints via configuration
2026-04-15T05:40:20.832+01:00  INFO 50463 --- [partner-intelligence-service] [trap-executor-0] c.n.d.s.r.aws.ConfigClusterResolver      : Resolving eureka endpoints via configuration
2026-04-15T05:45:20.834+01:00  INFO 50463 --- [partner-intelligence-service] [trap-executor-0] c.n.d.s.r.aws.ConfigClusterResolver      : Resolving eureka endpoints via configuration
2026-04-15T05:50:20.839+01:00  INFO 50463 --- [partner-intelligence-service] [trap-executor-0] c.n.d.s.r.aws.ConfigClusterResolver      : Resolving eureka endpoints via configuration
2026-04-15T05:55:20.842+01:00  INFO 50463 --- [partner-intelligence-service] [trap-executor-0] c.n.d.s.r.aws.ConfigClusterResolver      : Resolving eureka endpoints via configuration
2026-04-15T06:00:20.848+01:00  INFO 50463 --- [partner-intelligence-service] [trap-executor-0] c.n.d.s.r.aws.ConfigClusterResolver      : Resolving eureka endpoints via configuration
2026-04-15T06:05:20.856+01:00  INFO 50463 --- [partner-intelligence-service] [trap-executor-0] c.n.d.s.r.aws.ConfigClusterResolver      : Resolving eureka endpoints via configuration
2026-04-15T06:10:20.857+01:00  INFO 50463 --- [partner-intelligence-service] [trap-executor-0] c.n.d.s.r.aws.ConfigClusterResolver      : Resolving eureka endpoints via configuration
2026-04-15T06:15:20.857+01:00  INFO 50463 --- [partner-intelligence-service] [trap-executor-0] c.n.d.s.r.aws.ConfigClusterResolver      : Resolving eureka endpoints via configuration
2026-04-15T06:20:20.862+01:00  INFO 50463 --- [partner-intelligence-service] [trap-executor-0] c.n.d.s.r.aws.ConfigClusterResolver      : Resolving eureka endpoints via configuration
2026-04-15T06:25:20.864+01:00  INFO 50463 --- [partner-intelligence-service] [trap-executor-0] c.n.d.s.r.aws.ConfigClusterResolver      : Resolving eureka endpoints via configuration
2026-04-15T06:30:20.869+01:00  INFO 50463 --- [partner-intelligence-service] [trap-executor-0] c.n.d.s.r.aws.ConfigClusterResolver      : Resolving eureka endpoints via configuration
2026-04-15T06:35:20.874+01:00  INFO 50463 --- [partner-intelligence-service] [trap-executor-0] c.n.d.s.r.aws.ConfigClusterResolver      : Resolving eureka endpoints via configuration
2026-04-15T06:40:20.879+01:00  INFO 50463 --- [partner-intelligence-service] [trap-executor-0] c.n.d.s.r.aws.ConfigClusterResolver      : Resolving eureka endpoints via configuration
2026-04-15T06:45:20.878+01:00  INFO 50463 --- [partner-intelligence-service] [trap-executor-0] c.n.d.s.r.aws.ConfigClusterResolver      : Resolving eureka endpoints via configuration
2026-04-15T06:50:20.886+01:00  INFO 50463 --- [partner-intelligence-service] [trap-executor-0] c.n.d.s.r.aws.ConfigClusterResolver      : Resolving eureka endpoints via configuration
2026-04-15T06:55:20.885+01:00  INFO 50463 --- [partner-intelligence-service] [trap-executor-0] c.n.d.s.r.aws.ConfigClusterResolver      : Resolving eureka endpoints via configuration
2026-04-15T07:00:20.884+01:00  INFO 50463 --- [partner-intelligence-service] [trap-executor-0] c.n.d.s.r.aws.ConfigClusterResolver      : Resolving eureka endpoints via configuration
2026-04-15T07:05:20.884+01:00  INFO 50463 --- [partner-intelligence-service] [trap-executor-0] c.n.d.s.r.aws.ConfigClusterResolver      : Resolving eureka endpoints via configuration
2026-04-15T07:10:20.890+01:00  INFO 50463 --- [partner-intelligence-service] [trap-executor-0] c.n.d.s.r.aws.ConfigClusterResolver      : Resolving eureka endpoints via configuration
2026-04-15T07:15:20.895+01:00  INFO 50463 --- [partner-intelligence-service] [trap-executor-0] c.n.d.s.r.aws.ConfigClusterResolver      : Resolving eureka endpoints via configuration
2026-04-15T07:20:20.898+01:00  INFO 50463 --- [partner-intelligence-service] [trap-executor-0] c.n.d.s.r.aws.ConfigClusterResolver      : Resolving eureka endpoints via configuration
2026-04-15T07:25:20.900+01:00  INFO 50463 --- [partner-intelligence-service] [trap-executor-0] c.n.d.s.r.aws.ConfigClusterResolver      : Resolving eureka endpoints via configuration
2026-04-15T07:30:20.907+01:00  INFO 50463 --- [partner-intelligence-service] [trap-executor-0] c.n.d.s.r.aws.ConfigClusterResolver      : Resolving eureka endpoints via configuration
2026-04-15T07:35:20.910+01:00  INFO 50463 --- [partner-intelligence-service] [trap-executor-0] c.n.d.s.r.aws.ConfigClusterResolver      : Resolving eureka endpoints via configuration
2026-04-15T07:40:20.914+01:00  INFO 50463 --- [partner-intelligence-service] [trap-executor-0] c.n.d.s.r.aws.ConfigClusterResolver      : Resolving eureka endpoints via configuration
2026-04-15T07:45:20.918+01:00  INFO 50463 --- [partner-intelligence-service] [trap-executor-0] c.n.d.s.r.aws.ConfigClusterResolver      : Resolving eureka endpoints via configuration
2026-04-15T07:50:20.924+01:00  INFO 50463 --- [partner-intelligence-service] [trap-executor-0] c.n.d.s.r.aws.ConfigClusterResolver      : Resolving eureka endpoints via configuration
2026-04-15T07:55:20.930+01:00  INFO 50463 --- [partner-intelligence-service] [trap-executor-0] c.n.d.s.r.aws.ConfigClusterResolver      : Resolving eureka endpoints via configuration
2026-04-15T08:00:20.930+01:00  INFO 50463 --- [partner-intelligence-service] [trap-executor-0] c.n.d.s.r.aws.ConfigClusterResolver      : Resolving eureka endpoints via configuration
2026-04-15T08:05:20.930+01:00  INFO 50463 --- [partner-intelligence-service] [trap-executor-0] c.n.d.s.r.aws.ConfigClusterResolver      : Resolving eureka endpoints via configuration
2026-04-15T08:10:20.934+01:00  INFO 50463 --- [partner-intelligence-service] [trap-executor-0] c.n.d.s.r.aws.ConfigClusterResolver      : Resolving eureka endpoints via configuration
2026-04-15T08:15:20.939+01:00  INFO 50463 --- [partner-intelligence-service] [trap-executor-0] c.n.d.s.r.aws.ConfigClusterResolver      : Resolving eureka endpoints via configuration
2026-04-15T08:20:20.945+01:00  INFO 50463 --- [partner-intelligence-service] [trap-executor-0] c.n.d.s.r.aws.ConfigClusterResolver      : Resolving eureka endpoints via configuration
2026-04-15T08:25:20.953+01:00  INFO 50463 --- [partner-intelligence-service] [trap-executor-0] c.n.d.s.r.aws.ConfigClusterResolver      : Resolving eureka endpoints via configuration
2026-04-15T08:30:20.954+01:00  INFO 50463 --- [partner-intelligence-service] [trap-executor-0] c.n.d.s.r.aws.ConfigClusterResolver      : Resolving eureka endpoints via configuration
2026-04-15T08:35:20.960+01:00  INFO 50463 --- [partner-intelligence-service] [trap-executor-0] c.n.d.s.r.aws.ConfigClusterResolver      : Resolving eureka endpoints via configuration
2026-04-15T08:40:20.961+01:00  INFO 50463 --- [partner-intelligence-service] [trap-executor-0] c.n.d.s.r.aws.ConfigClusterResolver      : Resolving eureka endpoints via configuration
2026-04-15T08:45:20.967+01:00  INFO 50463 --- [partner-intelligence-service] [trap-executor-0] c.n.d.s.r.aws.ConfigClusterResolver      : Resolving eureka endpoints via configuration
2026-04-15T08:50:20.975+01:00  INFO 50463 --- [partner-intelligence-service] [trap-executor-0] c.n.d.s.r.aws.ConfigClusterResolver      : Resolving eureka endpoints via configuration
2026-04-15T08:55:20.978+01:00  INFO 50463 --- [partner-intelligence-service] [trap-executor-0] c.n.d.s.r.aws.ConfigClusterResolver      : Resolving eureka endpoints via configuration
2026-04-15T09:00:20.980+01:00  INFO 50463 --- [partner-intelligence-service] [trap-executor-0] c.n.d.s.r.aws.ConfigClusterResolver      : Resolving eureka endpoints via configuration
2026-04-15T09:05:20.986+01:00  INFO 50463 --- [partner-intelligence-service] [trap-executor-0] c.n.d.s.r.aws.ConfigClusterResolver      : Resolving eureka endpoints via configuration
2026-04-15T09:10:20.989+01:00  INFO 50463 --- [partner-intelligence-service] [trap-executor-0] c.n.d.s.r.aws.ConfigClusterResolver      : Resolving eureka endpoints via configuration
2026-04-15T09:15:20.990+01:00  INFO 50463 --- [partner-intelligence-service] [trap-executor-0] c.n.d.s.r.aws.ConfigClusterResolver      : Resolving eureka endpoints via configuration
2026-04-15T09:20:20.997+01:00  INFO 50463 --- [partner-intelligence-service] [trap-executor-0] c.n.d.s.r.aws.ConfigClusterResolver      : Resolving eureka endpoints via configuration
2026-04-15T09:25:21.005+01:00  INFO 50463 --- [partner-intelligence-service] [trap-executor-0] c.n.d.s.r.aws.ConfigClusterResolver      : Resolving eureka endpoints via configuration
2026-04-15T09:30:21.004+01:00  INFO 50463 --- [partner-intelligence-service] [trap-executor-0] c.n.d.s.r.aws.ConfigClusterResolver      : Resolving eureka endpoints via configuration
2026-04-15T09:35:21.011+01:00  INFO 50463 --- [partner-intelligence-service] [trap-executor-0] c.n.d.s.r.aws.ConfigClusterResolver      : Resolving eureka endpoints via configuration
2026-04-15T09:40:21.012+01:00  INFO 50463 --- [partner-intelligence-service] [trap-executor-0] c.n.d.s.r.aws.ConfigClusterResolver      : Resolving eureka endpoints via configuration
2026-04-15T09:45:21.019+01:00  INFO 50463 --- [partner-intelligence-service] [trap-executor-0] c.n.d.s.r.aws.ConfigClusterResolver      : Resolving eureka endpoints via configuration
2026-04-15T09:50:21.028+01:00  INFO 50463 --- [partner-intelligence-service] [trap-executor-0] c.n.d.s.r.aws.ConfigClusterResolver      : Resolving eureka endpoints via configuration
2026-04-15T09:55:21.034+01:00  INFO 50463 --- [partner-intelligence-service] [trap-executor-0] c.n.d.s.r.aws.ConfigClusterResolver      : Resolving eureka endpoints via configuration
2026-04-15T10:00:21.038+01:00  INFO 50463 --- [partner-intelligence-service] [trap-executor-0] c.n.d.s.r.aws.ConfigClusterResolver      : Resolving eureka endpoints via configuration
2026-04-15T10:05:21.038+01:00  INFO 50463 --- [partner-intelligence-service] [trap-executor-0] c.n.d.s.r.aws.ConfigClusterResolver      : Resolving eureka endpoints via configuration
2026-04-15T10:10:21.037+01:00  INFO 50463 --- [partner-intelligence-service] [trap-executor-0] c.n.d.s.r.aws.ConfigClusterResolver      : Resolving eureka endpoints via configuration
2026-04-15T10:15:21.045+01:00  INFO 50463 --- [partner-intelligence-service] [trap-executor-0] c.n.d.s.r.aws.ConfigClusterResolver      : Resolving eureka endpoints via configuration
2026-04-15T10:20:21.050+01:00  INFO 50463 --- [partner-intelligence-service] [trap-executor-0] c.n.d.s.r.aws.ConfigClusterResolver      : Resolving eureka endpoints via configuration
2026-04-15T10:25:21.054+01:00  INFO 50463 --- [partner-intelligence-service] [trap-executor-0] c.n.d.s.r.aws.ConfigClusterResolver      : Resolving eureka endpoints via configuration
2026-04-15T10:30:21.062+01:00  INFO 50463 --- [partner-intelligence-service] [trap-executor-0] c.n.d.s.r.aws.ConfigClusterResolver      : Resolving eureka endpoints via configuration
2026-04-15T10:35:21.061+01:00  INFO 50463 --- [partner-intelligence-service] [trap-executor-0] c.n.d.s.r.aws.ConfigClusterResolver      : Resolving eureka endpoints via configuration
2026-04-15T10:40:21.065+01:00  INFO 50463 --- [partner-intelligence-service] [trap-executor-0] c.n.d.s.r.aws.ConfigClusterResolver      : Resolving eureka endpoints via configuration
2026-04-15T10:45:21.069+01:00  INFO 50463 --- [partner-intelligence-service] [trap-executor-0] c.n.d.s.r.aws.ConfigClusterResolver      : Resolving eureka endpoints via configuration
2026-04-15T10:50:21.076+01:00  INFO 50463 --- [partner-intelligence-service] [trap-executor-0] c.n.d.s.r.aws.ConfigClusterResolver      : Resolving eureka endpoints via configuration
2026-04-15T10:55:21.080+01:00  INFO 50463 --- [partner-intelligence-service] [trap-executor-0] c.n.d.s.r.aws.ConfigClusterResolver      : Resolving eureka endpoints via configuration
2026-04-15T11:00:21.087+01:00  INFO 50463 --- [partner-intelligence-service] [trap-executor-0] c.n.d.s.r.aws.ConfigClusterResolver      : Resolving eureka endpoints via configuration
2026-04-15T11:05:21.088+01:00  INFO 50463 --- [partner-intelligence-service] [trap-executor-0] c.n.d.s.r.aws.ConfigClusterResolver      : Resolving eureka endpoints via configuration
2026-04-15T11:10:21.090+01:00  INFO 50463 --- [partner-intelligence-service] [trap-executor-0] c.n.d.s.r.aws.ConfigClusterResolver      : Resolving eureka endpoints via configuration
2026-04-15T11:15:21.097+01:00  INFO 50463 --- [partner-intelligence-service] [trap-executor-0] c.n.d.s.r.aws.ConfigClusterResolver      : Resolving eureka endpoints via configuration
2026-04-15T11:20:21.097+01:00  INFO 50463 --- [partner-intelligence-service] [trap-executor-0] c.n.d.s.r.aws.ConfigClusterResolver      : Resolving eureka endpoints via configuration
2026-04-15T11:25:21.098+01:00  INFO 50463 --- [partner-intelligence-service] [trap-executor-0] c.n.d.s.r.aws.ConfigClusterResolver      : Resolving eureka endpoints via configuration
2026-04-15T11:30:21.104+01:00  INFO 50463 --- [partner-intelligence-service] [trap-executor-0] c.n.d.s.r.aws.ConfigClusterResolver      : Resolving eureka endpoints via configuration
2026-04-15T11:35:21.105+01:00  INFO 50463 --- [partner-intelligence-service] [trap-executor-0] c.n.d.s.r.aws.ConfigClusterResolver      : Resolving eureka endpoints via configuration
2026-04-15T11:40:21.105+01:00  INFO 50463 --- [partner-intelligence-service] [trap-executor-0] c.n.d.s.r.aws.ConfigClusterResolver      : Resolving eureka endpoints via configuration
2026-04-15T11:45:21.104+01:00  INFO 50463 --- [partner-intelligence-service] [trap-executor-0] c.n.d.s.r.aws.ConfigClusterResolver      : Resolving eureka endpoints via configuration
2026-04-15T11:50:21.108+01:00  INFO 50463 --- [partner-intelligence-service] [trap-executor-0] c.n.d.s.r.aws.ConfigClusterResolver      : Resolving eureka endpoints via configuration
2026-04-15T11:55:21.115+01:00  INFO 50463 --- [partner-intelligence-service] [trap-executor-0] c.n.d.s.r.aws.ConfigClusterResolver      : Resolving eureka endpoints via configuration
2026-04-15T12:00:21.123+01:00  INFO 50463 --- [partner-intelligence-service] [trap-executor-0] c.n.d.s.r.aws.ConfigClusterResolver      : Resolving eureka endpoints via configuration
2026-04-15T12:05:21.125+01:00  INFO 50463 --- [partner-intelligence-service] [trap-executor-0] c.n.d.s.r.aws.ConfigClusterResolver      : Resolving eureka endpoints via configuration
2026-04-15T12:10:21.130+01:00  INFO 50463 --- [partner-intelligence-service] [trap-executor-0] c.n.d.s.r.aws.ConfigClusterResolver      : Resolving eureka endpoints via configuration
2026-04-15T12:15:21.138+01:00  INFO 50463 --- [partner-intelligence-service] [trap-executor-0] c.n.d.s.r.aws.ConfigClusterResolver      : Resolving eureka endpoints via configuration
2026-04-15T12:20:21.142+01:00  INFO 50463 --- [partner-intelligence-service] [trap-executor-0] c.n.d.s.r.aws.ConfigClusterResolver      : Resolving eureka endpoints via configuration
2026-04-15T12:25:21.142+01:00  INFO 50463 --- [partner-intelligence-service] [trap-executor-0] c.n.d.s.r.aws.ConfigClusterResolver      : Resolving eureka endpoints via configuration
2026-04-15T12:30:21.149+01:00  INFO 50463 --- [partner-intelligence-service] [trap-executor-0] c.n.d.s.r.aws.ConfigClusterResolver      : Resolving eureka endpoints via configuration
2026-04-15T12:35:21.150+01:00  INFO 50463 --- [partner-intelligence-service] [trap-executor-0] c.n.d.s.r.aws.ConfigClusterResolver      : Resolving eureka endpoints via configuration
2026-04-15T12:40:21.149+01:00  INFO 50463 --- [partner-intelligence-service] [trap-executor-0] c.n.d.s.r.aws.ConfigClusterResolver      : Resolving eureka endpoints via configuration
2026-04-15T12:45:21.157+01:00  INFO 50463 --- [partner-intelligence-service] [trap-executor-0] c.n.d.s.r.aws.ConfigClusterResolver      : Resolving eureka endpoints via configuration
2026-04-15T12:50:21.163+01:00  INFO 50463 --- [partner-intelligence-service] [trap-executor-0] c.n.d.s.r.aws.ConfigClusterResolver      : Resolving eureka endpoints via configuration
2026-04-15T12:55:21.170+01:00  INFO 50463 --- [partner-intelligence-service] [trap-executor-0] c.n.d.s.r.aws.ConfigClusterResolver      : Resolving eureka endpoints via configuration
2026-04-15T13:00:21.178+01:00  INFO 50463 --- [partner-intelligence-service] [trap-executor-0] c.n.d.s.r.aws.ConfigClusterResolver      : Resolving eureka endpoints via configuration
2026-04-15T13:05:21.182+01:00  INFO 50463 --- [partner-intelligence-service] [trap-executor-0] c.n.d.s.r.aws.ConfigClusterResolver      : Resolving eureka endpoints via configuration
2026-04-15T13:10:21.187+01:00  INFO 50463 --- [partner-intelligence-service] [trap-executor-0] c.n.d.s.r.aws.ConfigClusterResolver      : Resolving eureka endpoints via configuration
2026-04-15T13:15:21.192+01:00  INFO 50463 --- [partner-intelligence-service] [trap-executor-0] c.n.d.s.r.aws.ConfigClusterResolver      : Resolving eureka endpoints via configuration
2026-04-15T13:20:21.195+01:00  INFO 50463 --- [partner-intelligence-service] [trap-executor-0] c.n.d.s.r.aws.ConfigClusterResolver      : Resolving eureka endpoints via configuration
2026-04-15T13:25:21.202+01:00  INFO 50463 --- [partner-intelligence-service] [trap-executor-0] c.n.d.s.r.aws.ConfigClusterResolver      : Resolving eureka endpoints via configuration
2026-04-15T13:30:21.208+01:00  INFO 50463 --- [partner-intelligence-service] [trap-executor-0] c.n.d.s.r.aws.ConfigClusterResolver      : Resolving eureka endpoints via configuration
2026-04-15T13:35:21.209+01:00  INFO 50463 --- [partner-intelligence-service] [trap-executor-0] c.n.d.s.r.aws.ConfigClusterResolver      : Resolving eureka endpoints via configuration
2026-04-15T13:40:21.215+01:00  INFO 50463 --- [partner-intelligence-service] [trap-executor-0] c.n.d.s.r.aws.ConfigClusterResolver      : Resolving eureka endpoints via configuration
2026-04-15T13:45:21.215+01:00  INFO 50463 --- [partner-intelligence-service] [trap-executor-0] c.n.d.s.r.aws.ConfigClusterResolver      : Resolving eureka endpoints via configuration
2026-04-15T13:50:21.222+01:00  INFO 50463 --- [partner-intelligence-service] [trap-executor-0] c.n.d.s.r.aws.ConfigClusterResolver      : Resolving eureka endpoints via configuration
2026-04-15T13:55:21.221+01:00  INFO 50463 --- [partner-intelligence-service] [trap-executor-0] c.n.d.s.r.aws.ConfigClusterResolver      : Resolving eureka endpoints via configuration
2026-04-15T14:00:21.227+01:00  INFO 50463 --- [partner-intelligence-service] [trap-executor-0] c.n.d.s.r.aws.ConfigClusterResolver      : Resolving eureka endpoints via configuration
2026-04-15T14:05:21.234+01:00  INFO 50463 --- [partner-intelligence-service] [trap-executor-0] c.n.d.s.r.aws.ConfigClusterResolver      : Resolving eureka endpoints via configuration
2026-04-15T14:10:21.243+01:00  INFO 50463 --- [partner-intelligence-service] [trap-executor-0] c.n.d.s.r.aws.ConfigClusterResolver      : Resolving eureka endpoints via configuration
2026-04-15T14:15:21.251+01:00  INFO 50463 --- [partner-intelligence-service] [trap-executor-0] c.n.d.s.r.aws.ConfigClusterResolver      : Resolving eureka endpoints via configuration
2026-04-15T14:20:21.253+01:00  INFO 50463 --- [partner-intelligence-service] [trap-executor-0] c.n.d.s.r.aws.ConfigClusterResolver      : Resolving eureka endpoints via configuration
2026-04-15T15:14:19.963+01:00  WARN 50463 --- [partner-intelligence-service] [l-1 housekeeper] com.zaxxer.hikari.pool.HikariPool        : HikariPool-1 - Thread starvation or clock leap detected (housekeeper delta=49m52s640ms).
2026-04-15T15:15:09.601+01:00  INFO 50463 --- [partner-intelligence-service] [trap-executor-0] c.n.d.s.r.aws.ConfigClusterResolver      : Resolving eureka endpoints via configuration
2026-04-15T15:15:15.677+01:00  WARN 50463 --- [partner-intelligence-service] [l-1 housekeeper] com.zaxxer.hikari.pool.HikariPool        : HikariPool-1 - Thread starvation or clock leap detected (housekeeper delta=55s714ms).
